running 1 test
workload,median_ms,p95_ms
gallery_0x_validate,0.0018,0.0043
gallery_0x_groups,0.0006,0.0008
gallery_0x_oxygen_hotkey,0.0322,0.0374
gallery_0x_idle_update,0.0000,0.0001
gallery_0x_view,0.0361,0.0405
ethanol_full_analysis,1.8351,1.9919
ethanol_drawing_labels,0.0145,0.0150
gallery_1x_validate,0.3890,0.4040
gallery_1x_groups,0.3352,0.3394
gallery_1x_oxygen_hotkey,3.1510,3.1813
gallery_1x_idle_update,0.0000,0.0000
gallery_1x_view,0.3022,0.3101
gallery_4x_validate,4.8268,5.2131
gallery_4x_groups,7.4760,7.5023
gallery_4x_oxygen_hotkey,39.3877,41.2806
gallery_4x_idle_update,0.0000,0.0001
gallery_4x_view,3.4025,3.4478
test app::performance::editing_workloads ... ok

test result: ok. 1 passed; 0 failed; 0 ignored; 0 measured; 275 filtered out; finished in 2.17s
